Archive member included to satisfy reference by file (symbol)

c:/program files (x86)/atmel/studio/7.0/toolchain/avr8/avr8-gnu-toolchain/bin/../lib/gcc/avr/5.4.0/avr5\libgcc.a(_exit.o)
                              C:/Program Files (x86)/Atmel/Studio/7.0/Packs/atmel/ATmega_DFP/1.7.374/gcc/dev/atmega32/avr5/crtatmega32.o (exit)
c:/program files (x86)/atmel/studio/7.0/toolchain/avr8/avr8-gnu-toolchain/bin/../lib/gcc/avr/5.4.0/avr5\libgcc.a(_copy_data.o)
                              Application/assignments.o (__do_copy_data)
c:/program files (x86)/atmel/studio/7.0/toolchain/avr8/avr8-gnu-toolchain/bin/../lib/gcc/avr/5.4.0/avr5\libgcc.a(_clear_bss.o)
                              Application/app.o (__do_clear_bss)

Allocating common symbols
Common symbol       size              file

green               0x1               Application/app.o
red                 0x1               Application/app.o
yellaw              0x1               Application/app.o

Discarded input sections

 .data          0x00000000        0x0 C:/Program Files (x86)/Atmel/Studio/7.0/Packs/atmel/ATmega_DFP/1.7.374/gcc/dev/atmega32/avr5/crtatmega32.o
 .bss           0x00000000        0x0 C:/Program Files (x86)/Atmel/Studio/7.0/Packs/atmel/ATmega_DFP/1.7.374/gcc/dev/atmega32/avr5/crtatmega32.o
 .text          0x00000000        0x0 Application/app.o
 .data          0x00000000        0x0 Application/app.o
 .bss           0x00000000        0x0 Application/app.o
 .text.APP_start
                0x00000000      0x140 Application/app.o
 .text          0x00000000        0x0 Application/assignments.o
 .data          0x00000000        0x0 Application/assignments.o
 .bss           0x00000000        0x0 Application/assignments.o
 .text.Control_led_using_push
                0x00000000       0xce Application/assignments.o
 .text.Control_7Seg_usingTwoPush
                0x00000000       0x86 Application/assignments.o
 .text          0x00000000        0x0 ECUAL/Button/button_priv.o
 .data          0x00000000        0x0 ECUAL/Button/button_priv.o
 .bss           0x00000000        0x0 ECUAL/Button/button_priv.o
 .text          0x00000000        0x0 ECUAL/LCD/LCD_Prog.o
 .data          0x00000000        0x0 ECUAL/LCD/LCD_Prog.o
 .bss           0x00000000        0x0 ECUAL/LCD/LCD_Prog.o
 .text.LCD_Latch
                0x00000000       0xb8 ECUAL/LCD/LCD_Prog.o
 .text.LCD_enDisplayChar
                0x00000000       0x1a ECUAL/LCD/LCD_Prog.o
 .text.LCD_enSendCommand
                0x00000000       0x1a ECUAL/LCD/LCD_Prog.o
 .text.LCD_enInit
                0x00000000       0xba ECUAL/LCD/LCD_Prog.o
 .debug_info    0x00000000      0x698 ECUAL/LCD/LCD_Prog.o
 .debug_abbrev  0x00000000      0x15d ECUAL/LCD/LCD_Prog.o
 .debug_loc     0x00000000      0x28e ECUAL/LCD/LCD_Prog.o
 .debug_aranges
                0x00000000       0x38 ECUAL/LCD/LCD_Prog.o
 .debug_ranges  0x00000000       0x28 ECUAL/LCD/LCD_Prog.o
 .debug_line    0x00000000      0x245 ECUAL/LCD/LCD_Prog.o
 .debug_str     0x00000000      0x26b ECUAL/LCD/LCD_Prog.o
 .comment       0x00000000       0x31 ECUAL/LCD/LCD_Prog.o
 .debug_frame   0x00000000       0x6c ECUAL/LCD/LCD_Prog.o
 .text          0x00000000        0x0 ECUAL/Led/Led_priv.o
 .data          0x00000000        0x0 ECUAL/Led/Led_priv.o
 .bss           0x00000000        0x0 ECUAL/Led/Led_priv.o
 .text.led_init
                0x00000000       0x16 ECUAL/Led/Led_priv.o
 .text.led_on   0x00000000       0x24 ECUAL/Led/Led_priv.o
 .text          0x00000000        0x0 ECUAL/SevenSegment/Seven_seg_priv.o
 .data          0x00000000        0x0 ECUAL/SevenSegment/Seven_seg_priv.o
 .bss           0x00000000        0x0 ECUAL/SevenSegment/Seven_seg_priv.o
 .text.Seven_Segment_enInit
                0x00000000       0x8e ECUAL/SevenSegment/Seven_seg_priv.o
 .text.Seven_Segment_enDisplayNum
                0x00000000      0x100 ECUAL/SevenSegment/Seven_seg_priv.o
 .text.Seven_Segment_enTurnOf
                0x00000000       0x84 ECUAL/SevenSegment/Seven_seg_priv.o
 .text.Seven_Segment_enDisableCommon
                0x00000000        0xe ECUAL/SevenSegment/Seven_seg_priv.o
 .text.Seven_Segment_enEnableCommon
                0x00000000        0xe ECUAL/SevenSegment/Seven_seg_priv.o
 .text.Seven_Segment_enDisableDot
                0x00000000        0x4 ECUAL/SevenSegment/Seven_seg_priv.o
 .text.Seven_Segment_enEnableDot
                0x00000000        0x4 ECUAL/SevenSegment/Seven_seg_priv.o
 .data.SEG_NumDisplay
                0x00000000        0xa ECUAL/SevenSegment/Seven_seg_priv.o
 .debug_info    0x00000000      0x4bd ECUAL/SevenSegment/Seven_seg_priv.o
 .debug_abbrev  0x00000000      0x158 ECUAL/SevenSegment/Seven_seg_priv.o
 .debug_loc     0x00000000      0x109 ECUAL/SevenSegment/Seven_seg_priv.o
 .debug_aranges
                0x00000000       0x50 ECUAL/SevenSegment/Seven_seg_priv.o
 .debug_ranges  0x00000000       0x40 ECUAL/SevenSegment/Seven_seg_priv.o
 .debug_line    0x00000000      0x2a9 ECUAL/SevenSegment/Seven_seg_priv.o
 .debug_str     0x00000000      0x29a ECUAL/SevenSegment/Seven_seg_priv.o
 .comment       0x00000000       0x31 ECUAL/SevenSegment/Seven_seg_priv.o
 .debug_frame   0x00000000       0xa4 ECUAL/SevenSegment/Seven_seg_priv.o
 .text          0x00000000        0x0 main.o
 .data          0x00000000        0x0 main.o
 .bss           0x00000000        0x0 main.o
 .text          0x00000000        0x0 MCAL/DIO/DIO_prog.o
 .data          0x00000000        0x0 MCAL/DIO/DIO_prog.o
 .bss           0x00000000        0x0 MCAL/DIO/DIO_prog.o
 .text.DIO_enGetPortValue
                0x00000000       0x4e MCAL/DIO/DIO_prog.o
 .text.DIO_enTogglePort
                0x00000000       0x4e MCAL/DIO/DIO_prog.o
 .text.DIO_togglepin
                0x00000000       0x86 MCAL/DIO/DIO_prog.o
 .text          0x00000000        0x0 MCAL/Timer/timer.o
 .data          0x00000000        0x0 MCAL/Timer/timer.o
 .bss           0x00000000        0x0 MCAL/Timer/timer.o
 .text._delay   0x00000000       0x3e MCAL/Timer/timer.o
 .text._del     0x00000000       0x42 MCAL/Timer/timer.o
 .text.stop_timer
                0x00000000        0x4 MCAL/Timer/timer.o
 .bss.count_overflow
                0x00000000        0x2 MCAL/Timer/timer.o
 .debug_info    0x00000000       0x9b MCAL/Timer/timer.o
 .debug_abbrev  0x00000000       0x60 MCAL/Timer/timer.o
 .debug_aranges
                0x00000000       0x30 MCAL/Timer/timer.o
 .debug_ranges  0x00000000       0x20 MCAL/Timer/timer.o
 .debug_line    0x00000000      0x114 MCAL/Timer/timer.o
 .debug_str     0x00000000      0x14f MCAL/Timer/timer.o
 .comment       0x00000000       0x31 MCAL/Timer/timer.o
 .debug_frame   0x00000000       0x44 MCAL/Timer/timer.o
 .text          0x00000000        0x0 c:/program files (x86)/atmel/studio/7.0/toolchain/avr8/avr8-gnu-toolchain/bin/../lib/gcc/avr/5.4.0/avr5\libgcc.a(_exit.o)
 .data          0x00000000        0x0 c:/program files (x86)/atmel/studio/7.0/toolchain/avr8/avr8-gnu-toolchain/bin/../lib/gcc/avr/5.4.0/avr5\libgcc.a(_exit.o)
 .bss           0x00000000        0x0 c:/program files (x86)/atmel/studio/7.0/toolchain/avr8/avr8-gnu-toolchain/bin/../lib/gcc/avr/5.4.0/avr5\libgcc.a(_exit.o)
 .text.libgcc.mul
                0x00000000        0x0 c:/program files (x86)/atmel/studio/7.0/toolchain/avr8/avr8-gnu-toolchain/bin/../lib/gcc/avr/5.4.0/avr5\libgcc.a(_exit.o)
 .text.libgcc.div
                0x00000000        0x0 c:/program files (x86)/atmel/studio/7.0/toolchain/avr8/avr8-gnu-toolchain/bin/../lib/gcc/avr/5.4.0/avr5\libgcc.a(_exit.o)
 .text.libgcc   0x00000000        0x0 c:/program files (x86)/atmel/studio/7.0/toolchain/avr8/avr8-gnu-toolchain/bin/../lib/gcc/avr/5.4.0/avr5\libgcc.a(_exit.o)
 .text.libgcc.prologue
                0x00000000        0x0 c:/program files (x86)/atmel/studio/7.0/toolchain/avr8/avr8-gnu-toolchain/bin/../lib/gcc/avr/5.4.0/avr5\libgcc.a(_exit.o)
 .text.libgcc.builtins
                0x00000000        0x0 c:/program files (x86)/atmel/studio/7.0/toolchain/avr8/avr8-gnu-toolchain/bin/../lib/gcc/avr/5.4.0/avr5\libgcc.a(_exit.o)
 .text.libgcc.fmul
                0x00000000        0x0 c:/program files (x86)/atmel/studio/7.0/toolchain/avr8/avr8-gnu-toolchain/bin/../lib/gcc/avr/5.4.0/avr5\libgcc.a(_exit.o)
 .text.libgcc.fixed
                0x00000000        0x0 c:/program files (x86)/atmel/studio/7.0/toolchain/avr8/avr8-gnu-toolchain/bin/../lib/gcc/avr/5.4.0/avr5\libgcc.a(_exit.o)
 .text          0x00000000        0x0 c:/program files (x86)/atmel/studio/7.0/toolchain/avr8/avr8-gnu-toolchain/bin/../lib/gcc/avr/5.4.0/avr5\libgcc.a(_copy_data.o)
 .data          0x00000000        0x0 c:/program files (x86)/atmel/studio/7.0/toolchain/avr8/avr8-gnu-toolchain/bin/../lib/gcc/avr/5.4.0/avr5\libgcc.a(_copy_data.o)
 .bss           0x00000000        0x0 c:/program files (x86)/atmel/studio/7.0/toolchain/avr8/avr8-gnu-toolchain/bin/../lib/gcc/avr/5.4.0/avr5\libgcc.a(_copy_data.o)
 .text.libgcc.mul
                0x00000000        0x0 c:/program files (x86)/atmel/studio/7.0/toolchain/avr8/avr8-gnu-toolchain/bin/../lib/gcc/avr/5.4.0/avr5\libgcc.a(_copy_data.o)
 .text.libgcc.div
                0x00000000        0x0 c:/program files (x86)/atmel/studio/7.0/toolchain/avr8/avr8-gnu-toolchain/bin/../lib/gcc/avr/5.4.0/avr5\libgcc.a(_copy_data.o)
 .text.libgcc   0x00000000        0x0 c:/program files (x86)/atmel/studio/7.0/toolchain/avr8/avr8-gnu-toolchain/bin/../lib/gcc/avr/5.4.0/avr5\libgcc.a(_copy_data.o)
 .text.libgcc.prologue
                0x00000000        0x0 c:/program files (x86)/atmel/studio/7.0/toolchain/avr8/avr8-gnu-toolchain/bin/../lib/gcc/avr/5.4.0/avr5\libgcc.a(_copy_data.o)
 .text.libgcc.builtins
                0x00000000        0x0 c:/program files (x86)/atmel/studio/7.0/toolchain/avr8/avr8-gnu-toolchain/bin/../lib/gcc/avr/5.4.0/avr5\libgcc.a(_copy_data.o)
 .text.libgcc.fmul
                0x00000000        0x0 c:/program files (x86)/atmel/studio/7.0/toolchain/avr8/avr8-gnu-toolchain/bin/../lib/gcc/avr/5.4.0/avr5\libgcc.a(_copy_data.o)
 .text.libgcc.fixed
                0x00000000        0x0 c:/program files (x86)/atmel/studio/7.0/toolchain/avr8/avr8-gnu-toolchain/bin/../lib/gcc/avr/5.4.0/avr5\libgcc.a(_copy_data.o)
 .text          0x00000000        0x0 c:/program files (x86)/atmel/studio/7.0/toolchain/avr8/avr8-gnu-toolchain/bin/../lib/gcc/avr/5.4.0/avr5\libgcc.a(_clear_bss.o)
 .data          0x00000000        0x0 c:/program files (x86)/atmel/studio/7.0/toolchain/avr8/avr8-gnu-toolchain/bin/../lib/gcc/avr/5.4.0/avr5\libgcc.a(_clear_bss.o)
 .bss           0x00000000        0x0 c:/program files (x86)/atmel/studio/7.0/toolchain/avr8/avr8-gnu-toolchain/bin/../lib/gcc/avr/5.4.0/avr5\libgcc.a(_clear_bss.o)
 .text.libgcc.mul
                0x00000000        0x0 c:/program files (x86)/atmel/studio/7.0/toolchain/avr8/avr8-gnu-toolchain/bin/../lib/gcc/avr/5.4.0/avr5\libgcc.a(_clear_bss.o)
 .text.libgcc.div
                0x00000000        0x0 c:/program files (x86)/atmel/studio/7.0/toolchain/avr8/avr8-gnu-toolchain/bin/../lib/gcc/avr/5.4.0/avr5\libgcc.a(_clear_bss.o)
 .text.libgcc   0x00000000        0x0 c:/program files (x86)/atmel/studio/7.0/toolchain/avr8/avr8-gnu-toolchain/bin/../lib/gcc/avr/5.4.0/avr5\libgcc.a(_clear_bss.o)
 .text.libgcc.prologue
                0x00000000        0x0 c:/program files (x86)/atmel/studio/7.0/toolchain/avr8/avr8-gnu-toolchain/bin/../lib/gcc/avr/5.4.0/avr5\libgcc.a(_clear_bss.o)
 .text.libgcc.builtins
                0x00000000        0x0 c:/program files (x86)/atmel/studio/7.0/toolchain/avr8/avr8-gnu-toolchain/bin/../lib/gcc/avr/5.4.0/avr5\libgcc.a(_clear_bss.o)
 .text.libgcc.fmul
                0x00000000        0x0 c:/program files (x86)/atmel/studio/7.0/toolchain/avr8/avr8-gnu-toolchain/bin/../lib/gcc/avr/5.4.0/avr5\libgcc.a(_clear_bss.o)
 .text.libgcc.fixed
                0x00000000        0x0 c:/program files (x86)/atmel/studio/7.0/toolchain/avr8/avr8-gnu-toolchain/bin/../lib/gcc/avr/5.4.0/avr5\libgcc.a(_clear_bss.o)

Memory Configuration

Name             Origin             Length             Attributes
text             0x00000000         0x00008000         xr
data             0x00800060         0x00000800         rw !x
eeprom           0x00810000         0x00000400         rw !x
fuse             0x00820000         0x00000002         rw !x
lock             0x00830000         0x00000400         rw !x
signature        0x00840000         0x00000400         rw !x
user_signatures  0x00850000         0x00000400         rw !x
*default*        0x00000000         0xffffffff

Linker script and memory map

LOAD C:/Program Files (x86)/Atmel/Studio/7.0/Packs/atmel/ATmega_DFP/1.7.374/gcc/dev/atmega32/avr5/crtatmega32.o
LOAD Application/app.o
LOAD Application/assignments.o
LOAD ECUAL/Button/button_priv.o
LOAD ECUAL/LCD/LCD_Prog.o
LOAD ECUAL/Led/Led_priv.o
LOAD ECUAL/SevenSegment/Seven_seg_priv.o
LOAD main.o
LOAD MCAL/DIO/DIO_prog.o
LOAD MCAL/Timer/timer.o
START GROUP
LOAD c:/program files (x86)/atmel/studio/7.0/toolchain/avr8/avr8-gnu-toolchain/bin/../lib/gcc/avr/5.4.0/../../../../avr/lib/avr5\libm.a
END GROUP
START GROUP
LOAD c:/program files (x86)/atmel/studio/7.0/toolchain/avr8/avr8-gnu-toolchain/bin/../lib/gcc/avr/5.4.0/avr5\libgcc.a
LOAD c:/program files (x86)/atmel/studio/7.0/toolchain/avr8/avr8-gnu-toolchain/bin/../lib/gcc/avr/5.4.0/../../../../avr/lib/avr5\libm.a
LOAD c:/program files (x86)/atmel/studio/7.0/toolchain/avr8/avr8-gnu-toolchain/bin/../lib/gcc/avr/5.4.0/../../../../avr/lib/avr5\libc.a
LOAD C:/Program Files (x86)/Atmel/Studio/7.0/Packs/atmel/ATmega_DFP/1.7.374/gcc/dev/atmega32/avr5\libatmega32.a
END GROUP
                0x00000000                __TEXT_REGION_ORIGIN__ = DEFINED (__TEXT_REGION_ORIGIN__)?__TEXT_REGION_ORIGIN__:0x0
                [0x00800060]                __DATA_REGION_ORIGIN__ = DEFINED (__DATA_REGION_ORIGIN__)?__DATA_REGION_ORIGIN__:0x800060
                [0x00008000]                __TEXT_REGION_LENGTH__ = DEFINED (__TEXT_REGION_LENGTH__)?__TEXT_REGION_LENGTH__:0x20000
                [0x00000800]                __DATA_REGION_LENGTH__ = DEFINED (__DATA_REGION_LENGTH__)?__DATA_REGION_LENGTH__:0xffa0
                [0x00000400]                __EEPROM_REGION_LENGTH__ = DEFINED (__EEPROM_REGION_LENGTH__)?__EEPROM_REGION_LENGTH__:0x10000
                [0x00000002]                __FUSE_REGION_LENGTH__ = DEFINED (__FUSE_REGION_LENGTH__)?__FUSE_REGION_LENGTH__:0x400
                0x00000400                __LOCK_REGION_LENGTH__ = DEFINED (__LOCK_REGION_LENGTH__)?__LOCK_REGION_LENGTH__:0x400
                0x00000400                __SIGNATURE_REGION_LENGTH__ = DEFINED (__SIGNATURE_REGION_LENGTH__)?__SIGNATURE_REGION_LENGTH__:0x400
                0x00000400                __USER_SIGNATURE_REGION_LENGTH__ = DEFINED (__USER_SIGNATURE_REGION_LENGTH__)?__USER_SIGNATURE_REGION_LENGTH__:0x400

.hash
 *(.hash)

.dynsym
 *(.dynsym)

.dynstr
 *(.dynstr)

.gnu.version
 *(.gnu.version)

.gnu.version_d
 *(.gnu.version_d)

.gnu.version_r
 *(.gnu.version_r)

.rel.init
 *(.rel.init)

.rela.init
 *(.rela.init)

.rel.text
 *(.rel.text)
 *(.rel.text.*)
 *(.rel.gnu.linkonce.t*)

.rela.text
 *(.rela.text)
 *(.rela.text.*)
 *(.rela.gnu.linkonce.t*)

.rel.fini
 *(.rel.fini)

.rela.fini
 *(.rela.fini)

.rel.rodata
 *(.rel.rodata)
 *(.rel.rodata.*)
 *(.rel.gnu.linkonce.r*)

.rela.rodata
 *(.rela.rodata)
 *(.rela.rodata.*)
 *(.rela.gnu.linkonce.r*)

.rel.data
 *(.rel.data)
 *(.rel.data.*)
 *(.rel.gnu.linkonce.d*)

.rela.data
 *(.rela.data)
 *(.rela.data.*)
 *(.rela.gnu.linkonce.d*)

.rel.ctors
 *(.rel.ctors)

.rela.ctors
 *(.rela.ctors)

.rel.dtors
 *(.rel.dtors)

.rela.dtors
 *(.rela.dtors)

.rel.got
 *(.rel.got)

.rela.got
 *(.rela.got)

.rel.bss
 *(.rel.bss)

.rela.bss
 *(.rela.bss)

.rel.plt
 *(.rel.plt)

.rela.plt
 *(.rela.plt)

.text           0x00000000      0x6ea
 *(.vectors)
 .vectors       0x00000000       0x54 C:/Program Files (x86)/Atmel/Studio/7.0/Packs/atmel/ATmega_DFP/1.7.374/gcc/dev/atmega32/avr5/crtatmega32.o
                0x00000000                __vector_default
                0x00000000                __vectors
 *(.vectors)
 *(.progmem.gcc*)
                0x00000054                . = ALIGN (0x2)
                0x00000054                __trampolines_start = .
 *(.trampolines)
 .trampolines   0x00000054        0x0 linker stubs
 *(.trampolines*)
                0x00000054                __trampolines_end = .
 *libprintf_flt.a:*(.progmem.data)
 *libc.a:*(.progmem.data)
 *(.progmem*)
                0x00000054                . = ALIGN (0x2)
 *(.jumptables)
 *(.jumptables*)
 *(.lowtext)
 *(.lowtext*)
                0x00000054                __ctors_start = .
 *(.ctors)
                0x00000054                __ctors_end = .
                0x00000054                __dtors_start = .
 *(.dtors)
                0x00000054                __dtors_end = .
 SORT(*)(.ctors)
 SORT(*)(.dtors)
 *(.init0)
 .init0         0x00000054        0x0 C:/Program Files (x86)/Atmel/Studio/7.0/Packs/atmel/ATmega_DFP/1.7.374/gcc/dev/atmega32/avr5/crtatmega32.o
                0x00000054                __init
 *(.init0)
 *(.init1)
 *(.init1)
 *(.init2)
 .init2         0x00000054        0xc C:/Program Files (x86)/Atmel/Studio/7.0/Packs/atmel/ATmega_DFP/1.7.374/gcc/dev/atmega32/avr5/crtatmega32.o
 *(.init2)
 *(.init3)
 *(.init3)
 *(.init4)
 .init4         0x00000060       0x16 c:/program files (x86)/atmel/studio/7.0/toolchain/avr8/avr8-gnu-toolchain/bin/../lib/gcc/avr/5.4.0/avr5\libgcc.a(_copy_data.o)
                0x00000060                __do_copy_data
 .init4         0x00000076       0x10 c:/program files (x86)/atmel/studio/7.0/toolchain/avr8/avr8-gnu-toolchain/bin/../lib/gcc/avr/5.4.0/avr5\libgcc.a(_clear_bss.o)
                0x00000076                __do_clear_bss
 *(.init4)
 *(.init5)
 *(.init5)
 *(.init6)
 *(.init6)
 *(.init7)
 *(.init7)
 *(.init8)
 *(.init8)
 *(.init9)
 .init9         0x00000086        0x8 C:/Program Files (x86)/Atmel/Studio/7.0/Packs/atmel/ATmega_DFP/1.7.374/gcc/dev/atmega32/avr5/crtatmega32.o
 *(.init9)
 *(.text)
 .text          0x0000008e        0x4 C:/Program Files (x86)/Atmel/Studio/7.0/Packs/atmel/ATmega_DFP/1.7.374/gcc/dev/atmega32/avr5/crtatmega32.o
                0x0000008e                __vector_12
                0x0000008e                __bad_interrupt
                0x0000008e                __vector_6
                0x0000008e                __vector_3
                0x0000008e                __vector_11
                0x0000008e                __vector_13
                0x0000008e                __vector_17
                0x0000008e                __vector_19
                0x0000008e                __vector_7
                0x0000008e                __vector_5
                0x0000008e                __vector_4
                0x0000008e                __vector_9
                0x0000008e                __vector_2
                0x0000008e                __vector_15
                0x0000008e                __vector_8
                0x0000008e                __vector_14
                0x0000008e                __vector_10
                0x0000008e                __vector_16
                0x0000008e                __vector_18
                0x0000008e                __vector_20
                0x00000092                . = ALIGN (0x2)
 *(.text.*)
 .text.__vector_1
                0x00000092       0x8e Application/app.o
                0x00000092                __vector_1
 .text.Control_2Mltiplexed_7Seg_usingTwoPush
                0x00000120      0x22a Application/assignments.o
                0x00000120                Control_2Mltiplexed_7Seg_usingTwoPush
 .text.Button_eninit
                0x0000034a       0x32 ECUAL/Button/button_priv.o
                0x0000034a                Button_eninit
 .text.Button_Getstate
                0x0000037c       0x14 ECUAL/Button/button_priv.o
                0x0000037c                Button_Getstate
 .text.led_of   0x00000390       0x2c ECUAL/Led/Led_priv.o
                0x00000390                led_of
 .text.main     0x000003bc        0xa main.o
                0x000003bc                main
 .text.DIO_enSetPortDirection
                0x000003c6       0x3e MCAL/DIO/DIO_prog.o
                0x000003c6                DIO_enSetPortDirection
 .text.DIO_enSetPortValue
                0x00000404       0x3e MCAL/DIO/DIO_prog.o
                0x00000404                DIO_enSetPortValue
 .text.DIO_SetPinDirection
                0x00000442      0x132 MCAL/DIO/DIO_prog.o
                0x00000442                DIO_SetPinDirection
 .text.DIO_SetPinValue
                0x00000574       0xec MCAL/DIO/DIO_prog.o
                0x00000574                DIO_SetPinValue
 .text.DIO_readpinvalue
                0x00000660       0x86 MCAL/DIO/DIO_prog.o
                0x00000660                DIO_readpinvalue
                0x000006e6                . = ALIGN (0x2)
 *(.fini9)
 .fini9         0x000006e6        0x0 c:/program files (x86)/atmel/studio/7.0/toolchain/avr8/avr8-gnu-toolchain/bin/../lib/gcc/avr/5.4.0/avr5\libgcc.a(_exit.o)
                0x000006e6                _exit
                0x000006e6                exit
 *(.fini9)
 *(.fini8)
 *(.fini8)
 *(.fini7)
 *(.fini7)
 *(.fini6)
 *(.fini6)
 *(.fini5)
 *(.fini5)
 *(.fini4)
 *(.fini4)
 *(.fini3)
 *(.fini3)
 *(.fini2)
 *(.fini2)
 *(.fini1)
 *(.fini1)
 *(.fini0)
 .fini0         0x000006e6        0x4 c:/program files (x86)/atmel/studio/7.0/toolchain/avr8/avr8-gnu-toolchain/bin/../lib/gcc/avr/5.4.0/avr5\libgcc.a(_exit.o)
 *(.fini0)
                0x000006ea                _etext = .

.data           0x00800060        0xa load address 0x000006ea
                0x00800060                PROVIDE (__data_start, .)
 *(.data)
 *(.data*)
 *(.gnu.linkonce.d*)
 *(.rodata)
 .rodata        0x00800060        0xa Application/assignments.o
 *(.rodata*)
 *(.gnu.linkonce.r*)
                0x0080006a                . = ALIGN (0x2)
                0x0080006a                _edata = .
                0x0080006a                PROVIDE (__data_end, .)

.bss            0x0080006a        0x4
                0x0080006a                PROVIDE (__bss_start, .)
 *(.bss)
 *(.bss*)
 .bss.state     0x0080006a        0x1 Application/app.o
                0x0080006a                state
 *(COMMON)
 COMMON         0x0080006b        0x3 Application/app.o
                0x0080006b                green
                0x0080006c                red
                0x0080006d                yellaw
                0x0080006e                PROVIDE (__bss_end, .)
                0x000006ea                __data_load_start = LOADADDR (.data)
                0x000006f4                __data_load_end = (__data_load_start + SIZEOF (.data))

.noinit         0x0080006e        0x0
                [!provide]                PROVIDE (__noinit_start, .)
 *(.noinit*)
                [!provide]                PROVIDE (__noinit_end, .)
                0x0080006e                _end = .
                [!provide]                PROVIDE (__heap_start, .)

.eeprom         0x00810000        0x0
 *(.eeprom*)
                0x00810000                __eeprom_end = .

.fuse
 *(.fuse)
 *(.lfuse)
 *(.hfuse)
 *(.efuse)

.lock
 *(.lock*)

.signature
 *(.signature*)

.user_signatures
 *(.user_signatures*)

.stab
 *(.stab)

.stabstr
 *(.stabstr)

.stab.excl
 *(.stab.excl)

.stab.exclstr
 *(.stab.exclstr)

.stab.index
 *(.stab.index)

.stab.indexstr
 *(.stab.indexstr)

.comment        0x00000000       0x30
 *(.comment)
 .comment       0x00000000       0x30 Application/app.o
                                 0x31 (size before relaxing)
 .comment       0x00000030       0x31 Application/assignments.o
 .comment       0x00000030       0x31 ECUAL/Button/button_priv.o
 .comment       0x00000030       0x31 ECUAL/Led/Led_priv.o
 .comment       0x00000030       0x31 main.o
 .comment       0x00000030       0x31 MCAL/DIO/DIO_prog.o

.note.gnu.avr.deviceinfo
                0x00000000       0x3c
 .note.gnu.avr.deviceinfo
                0x00000000       0x3c C:/Program Files (x86)/Atmel/Studio/7.0/Packs/atmel/ATmega_DFP/1.7.374/gcc/dev/atmega32/avr5/crtatmega32.o

.note.gnu.build-id
 *(.note.gnu.build-id)

.debug
 *(.debug)

.line
 *(.line)

.debug_srcinfo
 *(.debug_srcinfo)

.debug_sfnames
 *(.debug_sfnames)

.debug_aranges  0x00000000      0x128
 *(.debug_aranges)
 .debug_aranges
                0x00000000       0x28 Application/app.o
 .debug_aranges
                0x00000028       0x30 Application/assignments.o
 .debug_aranges
                0x00000058       0x28 ECUAL/Button/button_priv.o
 .debug_aranges
                0x00000080       0x30 ECUAL/Led/Led_priv.o
 .debug_aranges
                0x000000b0       0x20 main.o
 .debug_aranges
                0x000000d0       0x58 MCAL/DIO/DIO_prog.o

.debug_pubnames
 *(.debug_pubnames)

.debug_info     0x00000000     0x1ac8
 *(.debug_info .gnu.linkonce.wi.*)
 .debug_info    0x00000000      0x4e6 C:/Program Files (x86)/Atmel/Studio/7.0/Packs/atmel/ATmega_DFP/1.7.374/gcc/dev/atmega32/avr5/crtatmega32.o
 .debug_info    0x000004e6      0x4e5 Application/app.o
 .debug_info    0x000009cb      0x9ce Application/assignments.o
 .debug_info    0x00001399      0x1b5 ECUAL/Button/button_priv.o
 .debug_info    0x0000154e      0x208 ECUAL/Led/Led_priv.o
 .debug_info    0x00001756       0x97 main.o
 .debug_info    0x000017ed      0x2db MCAL/DIO/DIO_prog.o

.debug_abbrev   0x00000000      0x982
 *(.debug_abbrev)
 .debug_abbrev  0x00000000      0x4a3 C:/Program Files (x86)/Atmel/Studio/7.0/Packs/atmel/ATmega_DFP/1.7.374/gcc/dev/atmega32/avr5/crtatmega32.o
 .debug_abbrev  0x000004a3       0xd1 Application/app.o
 .debug_abbrev  0x00000574      0x157 Application/assignments.o
 .debug_abbrev  0x000006cb       0xdb ECUAL/Button/button_priv.o
 .debug_abbrev  0x000007a6       0xc5 ECUAL/Led/Led_priv.o
 .debug_abbrev  0x0000086b       0x65 main.o
 .debug_abbrev  0x000008d0       0xb2 MCAL/DIO/DIO_prog.o

.debug_line     0x00000000      0xe96
 *(.debug_line .debug_line.* .debug_line_end)
 .debug_line    0x00000000      0x116 C:/Program Files (x86)/Atmel/Studio/7.0/Packs/atmel/ATmega_DFP/1.7.374/gcc/dev/atmega32/avr5/crtatmega32.o
 .debug_line    0x00000116      0x255 Application/app.o
 .debug_line    0x0000036b      0x417 Application/assignments.o
 .debug_line    0x00000782       0xef ECUAL/Button/button_priv.o
 .debug_line    0x00000871      0x13c ECUAL/Led/Led_priv.o
 .debug_line    0x000009ad       0x67 main.o
 .debug_line    0x00000a14      0x482 MCAL/DIO/DIO_prog.o

.debug_frame    0x00000000      0x230
 *(.debug_frame)
 .debug_frame   0x00000000       0x7c Application/app.o
 .debug_frame   0x0000007c       0x74 Application/assignments.o
 .debug_frame   0x000000f0       0x44 ECUAL/Button/button_priv.o
 .debug_frame   0x00000134       0x44 ECUAL/Led/Led_priv.o
 .debug_frame   0x00000178       0x24 main.o
 .debug_frame   0x0000019c       0x94 MCAL/DIO/DIO_prog.o

.debug_str      0x00000000      0x5f4
 *(.debug_str)
 .debug_str     0x00000000      0x196 C:/Program Files (x86)/Atmel/Studio/7.0/Packs/atmel/ATmega_DFP/1.7.374/gcc/dev/atmega32/avr5/crtatmega32.o
 .debug_str     0x00000196      0x19a Application/app.o
                                0x1d4 (size before relaxing)
 .debug_str     0x00000330      0x183 Application/assignments.o
                                0x30f (size before relaxing)
 .debug_str     0x000004b3       0x82 ECUAL/Button/button_priv.o
                                0x1ee (size before relaxing)
 .debug_str     0x00000535       0x37 ECUAL/Led/Led_priv.o
                                0x1c4 (size before relaxing)
 .debug_str     0x0000056c       0x11 main.o
                                0x189 (size before relaxing)
 .debug_str     0x0000057d       0x77 MCAL/DIO/DIO_prog.o
                                0x243 (size before relaxing)

.debug_loc      0x00000000      0xe37
 *(.debug_loc)
 .debug_loc     0x00000000       0xcb Application/app.o
 .debug_loc     0x000000cb      0x2f8 Application/assignments.o
 .debug_loc     0x000003c3      0x1bb ECUAL/Button/button_priv.o
 .debug_loc     0x0000057e      0x258 ECUAL/Led/Led_priv.o
 .debug_loc     0x000007d6      0x661 MCAL/DIO/DIO_prog.o

.debug_macinfo
 *(.debug_macinfo)

.debug_weaknames
 *(.debug_weaknames)

.debug_funcnames
 *(.debug_funcnames)

.debug_typenames
 *(.debug_typenames)

.debug_varnames
 *(.debug_varnames)

.debug_pubtypes
 *(.debug_pubtypes)

.debug_ranges   0x00000000       0xc8
 *(.debug_ranges)
 .debug_ranges  0x00000000       0x18 Application/app.o
 .debug_ranges  0x00000018       0x20 Application/assignments.o
 .debug_ranges  0x00000038       0x18 ECUAL/Button/button_priv.o
 .debug_ranges  0x00000050       0x20 ECUAL/Led/Led_priv.o
 .debug_ranges  0x00000070       0x10 main.o
 .debug_ranges  0x00000080       0x48 MCAL/DIO/DIO_prog.o

.debug_macro
 *(.debug_macro)
OUTPUT(GccApplication6.elf elf32-avr)
LOAD linker stubs
